15:32:46 **** Incremental Build of configuration Debug for project UltrasonicSensorTest-HC-SR04 ****
make -j8 all 
arm-none-eabi-gcc "../Core/Src/main.c" -mcpu=cortex-m4 -std=gnu11 -g3 -DDEBUG -DUSE_HAL_DRIVER -DSTM32F446xx -c -I../Core/Inc -I../Drivers/STM32F4xx_HAL_Driver/Inc -I../Drivers/STM32F4xx_HAL_Driver/Inc/Legacy -I../Drivers/CMSIS/Device/ST/STM32F4xx/Include -I../Drivers/CMSIS/Include -O0 -ffunction-sections -fdata-sections -Wall -fstack-usage -fcyclomatic-complexity -MMD -MP -MF"Core/Src/main.d" -MT"Core/Src/main.o" --specs=nano.specs -mfpu=fpv4-sp-d16 -mfloat-abi=hard -mthumb -o "Core/Src/main.o"
arm-none-eabi-gcc "../Core/Src/stm32f4xx_hal_msp.c" -mcpu=cortex-m4 -std=gnu11 -g3 -DDEBUG -DUSE_HAL_DRIVER -DSTM32F446xx -c -I../Core/Inc -I../Drivers/STM32F4xx_HAL_Driver/Inc -I../Drivers/STM32F4xx_HAL_Driver/Inc/Legacy -I../Drivers/CMSIS/Device/ST/STM32F4xx/Include -I../Drivers/CMSIS/Include -O0 -ffunction-sections -fdata-sections -Wall -fstack-usage -fcyclomatic-complexity -MMD -MP -MF"Core/Src/stm32f4xx_hal_msp.d" -MT"Core/Src/stm32f4xx_hal_msp.o" --specs=nano.specs -mfpu=fpv4-sp-d16 -mfloat-abi=hard -mthumb -o "Core/Src/stm32f4xx_hal_msp.o"
arm-none-eabi-gcc "../Core/Src/stm32f4xx_it.c" -mcpu=cortex-m4 -std=gnu11 -g3 -DDEBUG -DUSE_HAL_DRIVER -DSTM32F446xx -c -I../Core/Inc -I../Drivers/STM32F4xx_HAL_Driver/Inc -I../Drivers/STM32F4xx_HAL_Driver/Inc/Legacy -I../Drivers/CMSIS/Device/ST/STM32F4xx/Include -I../Drivers/CMSIS/Include -O0 -ffunction-sections -fdata-sections -Wall -fstack-usage -fcyclomatic-complexity -MMD -MP -MF"Core/Src/stm32f4xx_it.d" -MT"Core/Src/stm32f4xx_it.o" --specs=nano.specs -mfpu=fpv4-sp-d16 -mfloat-abi=hard -mthumb -o "Core/Src/stm32f4xx_it.o"
../Core/Src/main.c: In function 'main':
../Core/Src/main.c:178:11: warning: implicit declaration of function 'printf' [-Wimplicit-function-declaration]
  178 |           printf("Distance: %lu\n", Distance);
      |           ^~~~~~
../Core/Src/main.c:21:1: note: include '<stdio.h>' or provide a declaration of 'printf'
   20 | #include "main.h"
  +++ |+#include <stdio.h>
   21 | 
../Core/Src/main.c:178:11: warning: incompatible implicit declaration of built-in function 'printf' [-Wbuiltin-declaration-mismatch]
  178 |           printf("Distance: %lu\n", Distance);
      |           ^~~~~~
../Core/Src/main.c:178:11: note: include '<stdio.h>' or provide a declaration of 'printf'
../Core/Src/main.c:178:31: warning: format '%lu' expects argument of type 'long unsigned int', but argument 2 has type 'int' [-Wformat=]
  178 |           printf("Distance: %lu\n", Distance);
      |                             ~~^     ~~~~~~~~
      |                               |     |
      |                               |     int
      |                               long unsigned int
      |                             %u
arm-none-eabi-gcc -o "UltrasonicSensorTest-HC-SR04.elf" @"objects.list"   -mcpu=cortex-m4 -T"C:\Users\adity\STM32CubeIDE\workspace_1.19.0\DashBoard\F446reSensorClustor\UltrasonicSensorTest-HC-SR04\STM32F446RETX_FLASH.ld" --specs=nosys.specs -Wl,-Map="UltrasonicSensorTest-HC-SR04.map" -Wl,--gc-sections -static --specs=nano.specs -mfpu=fpv4-sp-d16 -mfloat-abi=hard -mthumb -Wl,--start-group -lc -lm -Wl,--end-group
Finished building target: UltrasonicSensorTest-HC-SR04.elf
 
arm-none-eabi-size  UltrasonicSensorTest-HC-SR04.elf 
arm-none-eabi-objdump -h -S UltrasonicSensorTest-HC-SR04.elf  > "UltrasonicSensorTest-HC-SR04.list"
   text	   data	    bss	    dec	    hex	filename
  18764	    104	   2064	  20932	   51c4	UltrasonicSensorTest-HC-SR04.elf
Finished building: default.size.stdout
 
Finished building: UltrasonicSensorTest-HC-SR04.list
 

15:32:47 Build Finished. 0 errors, 3 warnings. (took 1s.701ms)

