../Drivers/CMSIS/Include/core_cm4.h:2064:26:ITM_SendChar	16	static,ignoring_inline_asm
../Core/Src/main.c:62:6:delay	16	static
../Core/Src/main.c:76:6:HAL_TIM_IC_CaptureCallback	16	static
../Core/Src/main.c:114:6:HCSR04_Read	8	static
../Core/Src/main.c:123:5:_write	32	static
../Core/Src/main.c:138:5:main	8	static
../Core/Src/main.c:188:6:SystemClock_Config	88	static
../Core/Src/main.c:243:13:MX_TIM2_Init	32	static
../Core/Src/main.c:291:13:MX_USART2_UART_Init	8	static
../Core/Src/main.c:324:13:MX_GPIO_Init	48	static
../Core/Src/main.c:366:6:Error_Handler	4	static,ignoring_inline_asm
