../Drivers/CMSIS/Include/core_cm4.h:2064:26:ITM_SendChar	16	static,ignoring_inline_asm
../Core/Src/main.c:66:5:_write	32	static
../Core/Src/main.c:76:6:delay	16	static
../Core/Src/main.c:88:6:Set_Pin_Output	40	static
../Core/Src/main.c:97:6:Set_Pin_Input	40	static
../Core/Src/main.c:106:6:DHT11_Start	8	static
../Core/Src/main.c:116:9:Check_Response	16	static
../Core/Src/main.c:131:9:DHT11_Read	16	static
../Core/Src/main.c:153:5:main	8	static
../Core/Src/main.c:219:6:SystemClock_Config	72	static
../Core/Src/main.c:259:13:MX_TIM6_Init	24	static
../Core/Src/main.c:297:13:MX_USART2_UART_Init	8	static
../Core/Src/main.c:332:13:MX_GPIO_Init	48	static
../Core/Src/main.c:384:6:Error_Handler	4	static,ignoring_inline_asm
