../Core/Src/main.c:160:6:HAL_TIM_IC_CaptureCallback	16	static
../Core/Src/main.c:202:6:HAL_CAN_RxFifo0MsgPendingCallback	32	static
../Core/Src/main.c:225:5:main	8	static
../Core/Src/main.c:347:6:SystemClock_Config	88	static
../Core/Src/main.c:402:13:MX_ADC1_Init	24	static
../Core/Src/main.c:454:13:MX_CAN1_Init	48	static
../Core/Src/main.c:509:13:MX_I2C1_Init	8	static
../Core/Src/main.c:543:13:MX_TIM2_Init	32	static
../Core/Src/main.c:591:13:MX_USART2_UART_Init	8	static
../Core/Src/main.c:624:13:MX_GPIO_Init	48	static
../Core/Src/main.c:669:6:UltrasonicSensorTask	24	static
../Core/Src/main.c:693:6:WaterLevelTask	24	static
../Core/Src/main.c:719:6:GyroTask	32	static
../Core/Src/main.c:753:6:UARTTask	120	static
../Core/Src/main.c:830:6:HAL_TIM_PeriodElapsedCallback	16	static
../Core/Src/main.c:848:6:Error_Handler	4	static,ignoring_inline_asm
