../Core/Src/main.c:112:5:main	8	static
../Core/Src/main.c:207:6:SystemClock_Config	72	static
../Core/Src/main.c:247:13:MX_CAN_Init	48	static
../Core/Src/main.c:301:13:MX_TIM6_Init	24	static
../Core/Src/main.c:339:13:MX_USART2_UART_Init	8	static
../Core/Src/main.c:375:13:MX_GPIO_Init	48	static
../Core/Src/main.c:436:6:SpeedBtnsTask	24	static
../Core/Src/main.c:457:6:CANTask	64	static
../Core/Src/main.c:510:6:TempHumiTask	24	static
../Core/Src/main.c:536:6:HAL_TIM_PeriodElapsedCallback	16	static
../Core/Src/main.c:554:6:Error_Handler	4	static,ignoring_inline_asm
