../Core/Src/main.c:111:5:main	8	static
../Core/Src/main.c:206:6:SystemClock_Config	72	static
../Core/Src/main.c:246:13:MX_CAN_Init	48	static
../Core/Src/main.c:300:13:MX_TIM6_Init	24	static
../Core/Src/main.c:338:13:MX_USART2_UART_Init	8	static
../Core/Src/main.c:373:13:MX_GPIO_Init	48	static
../Core/Src/main.c:434:6:SpeedBtnsTask	24	static
../Core/Src/main.c:455:6:CANTask	64	static
../Core/Src/main.c:506:6:TempHumiTask	24	static
../Core/Src/main.c:532:6:HAL_TIM_PeriodElapsedCallback	16	static
../Core/Src/main.c:550:6:Error_Handler	4	static,ignoring_inline_asm
