00:06:34 **** Incremental Build of configuration Debug for project GatewayECU-FreeRtos ****
make -j8 all 
arm-none-eabi-gcc "../Core/Src/main.c" -mcpu=cortex-m4 -std=gnu11 -g3 -DDEBUG -DUSE_HAL_DRIVER -DSTM32F446xx -c -I../Core/Inc -I../Drivers/STM32F4xx_HAL_Driver/Inc -I../Drivers/STM32F4xx_HAL_Driver/Inc/Legacy -I../Drivers/CMSIS/Device/ST/STM32F4xx/Include -I../Drivers/CMSIS/Include -I../Middlewares/Third_Party/FreeRTOS/Source/include -I../Middlewares/Third_Party/FreeRTOS/Source/CMSIS_RTOS_V2 -I../Middlewares/Third_Party/FreeRTOS/Source/portable/GCC/ARM_CM4F -O0 -ffunction-sections -fdata-sections -Wall -fstack-usage -fcyclomatic-complexity -MMD -MP -MF"Core/Src/main.d" -MT"Core/Src/main.o" --specs=nano.specs -mfpu=fpv4-sp-d16 -mfloat-abi=hard -mthumb -o "Core/Src/main.o"
../Core/Src/main.c: In function 'HAL_CAN_RxFifo0MsgPendingCallback':
../Core/Src/main.c:214:9: warning: implicit declaration of function 'memcpy' [-Wimplicit-function-declaration]
  214 |         memcpy(&dht_data.temperature, &RxData[0], 4);
      |         ^~~~~~
../Core/Src/main.c:29:1: note: include '<string.h>' or provide a declaration of 'memcpy'
   28 | #include <stdio.h>
  +++ |+#include <string.h>
   29 | /* USER CODE END Includes */
../Core/Src/main.c:214:9: warning: incompatible implicit declaration of built-in function 'memcpy' [-Wbuiltin-declaration-mismatch]
  214 |         memcpy(&dht_data.temperature, &RxData[0], 4);
      |         ^~~~~~
../Core/Src/main.c:214:9: note: include '<string.h>' or provide a declaration of 'memcpy'
../Core/Src/main.c: In function 'UARTTask':
../Core/Src/main.c:814:5: warning: incompatible implicit declaration of built-in function 'memcpy' [-Wbuiltin-declaration-mismatch]
  814 |     memcpy(&uart_frame[2], &Dht11_Data.temperature, 4);
      |     ^~~~~~
../Core/Src/main.c:814:5: note: include '<string.h>' or provide a declaration of 'memcpy'
arm-none-eabi-gcc -o "GatewayECU-FreeRtos.elf" @"objects.list"   -mcpu=cortex-m4 -T"C:\Users\adity\STM32CubeIDE\workspace_1.19.0\DashBoard\GatewayECU-FreeRtos\STM32F446RETX_FLASH.ld" --specs=nosys.specs -Wl,-Map="GatewayECU-FreeRtos.map" -Wl,--gc-sections -static -u _printf_float --specs=nano.specs -mfpu=fpv4-sp-d16 -mfloat-abi=hard -mthumb -Wl,--start-group -lc -lm -Wl,--end-group
Finished building target: GatewayECU-FreeRtos.elf
 
arm-none-eabi-size  GatewayECU-FreeRtos.elf 
arm-none-eabi-objdump -h -S GatewayECU-FreeRtos.elf  > "GatewayECU-FreeRtos.list"
   text	   data	    bss	    dec	    hex	filename
  53896	    472	  21272	  75640	  12778	GatewayECU-FreeRtos.elf
Finished building: default.size.stdout
 
Finished building: GatewayECU-FreeRtos.list
 
00:06:47 **** Incremental Build of configuration Debug for project GatewayECU-FreeRtos ****
make -j8 all 
arm-none-eabi-size  GatewayECU-FreeRtos.elf 
   text	   data	    bss	    dec	    hex	filename
  53896	    472	  21272	  75640	  12778	GatewayECU-FreeRtos.elf
Finished building: default.size.stdout
 
00:07:25 **** Incremental Build of configuration Debug for project GatewayECU-FreeRtos ****
make -j8 all 
arm-none-eabi-gcc "../Core/Src/main.c" -mcpu=cortex-m4 -std=gnu11 -g3 -DDEBUG -DUSE_HAL_DRIVER -DSTM32F446xx -c -I../Core/Inc -I../Drivers/STM32F4xx_HAL_Driver/Inc -I../Drivers/STM32F4xx_HAL_Driver/Inc/Legacy -I../Drivers/CMSIS/Device/ST/STM32F4xx/Include -I../Drivers/CMSIS/Include -I../Middlewares/Third_Party/FreeRTOS/Source/include -I../Middlewares/Third_Party/FreeRTOS/Source/CMSIS_RTOS_V2 -I../Middlewares/Third_Party/FreeRTOS/Source/portable/GCC/ARM_CM4F -O0 -ffunction-sections -fdata-sections -Wall -fstack-usage -fcyclomatic-complexity -MMD -MP -MF"Core/Src/main.d" -MT"Core/Src/main.o" --specs=nano.specs -mfpu=fpv4-sp-d16 -mfloat-abi=hard -mthumb -o "Core/Src/main.o"
../Core/Src/main.c: In function 'HAL_CAN_RxFifo0MsgPendingCallback':
../Core/Src/main.c:214:9: warning: implicit declaration of function 'memcpy' [-Wimplicit-function-declaration]
  214 |         memcpy(&dht_data.temperature, &RxData[0], 4);
      |         ^~~~~~
../Core/Src/main.c:29:1: note: include '<string.h>' or provide a declaration of 'memcpy'
   28 | #include <stdio.h>
  +++ |+#include <string.h>
   29 | /* USER CODE END Includes */
../Core/Src/main.c:214:9: warning: incompatible implicit declaration of built-in function 'memcpy' [-Wbuiltin-declaration-mismatch]
  214 |         memcpy(&dht_data.temperature, &RxData[0], 4);
      |         ^~~~~~
../Core/Src/main.c:214:9: note: include '<string.h>' or provide a declaration of 'memcpy'
../Core/Src/main.c: In function 'UARTTask':
../Core/Src/main.c:814:5: warning: incompatible implicit declaration of built-in function 'memcpy' [-Wbuiltin-declaration-mismatch]
  814 |     memcpy(&uart_frame[2], &Dht11_Data.temperature, 4);
      |     ^~~~~~
../Core/Src/main.c:814:5: note: include '<string.h>' or provide a declaration of 'memcpy'
arm-none-eabi-gcc -o "GatewayECU-FreeRtos.elf" @"objects.list"   -mcpu=cortex-m4 -T"C:\Users\adity\STM32CubeIDE\workspace_1.19.0\DashBoard\GatewayECU-FreeRtos\STM32F446RETX_FLASH.ld" --specs=nosys.specs -Wl,-Map="GatewayECU-FreeRtos.map" -Wl,--gc-sections -static -u _printf_float --specs=nano.specs -mfpu=fpv4-sp-d16 -mfloat-abi=hard -mthumb -Wl,--start-group -lc -lm -Wl,--end-group
Finished building target: GatewayECU-FreeRtos.elf
 
arm-none-eabi-size  GatewayECU-FreeRtos.elf 
arm-none-eabi-objdump -h -S GatewayECU-FreeRtos.elf  > "GatewayECU-FreeRtos.list"
   text	   data	    bss	    dec	    hex	filename
  53896	    472	  21272	  75640	  12778	GatewayECU-FreeRtos.elf
Finished building: default.size.stdout
 
Finished building: GatewayECU-FreeRtos.list
 
00:13:27 **** Incremental Build of configuration Debug for project GatewayECU-FreeRtos ****
make -j8 all 
arm-none-eabi-gcc "../Core/Src/main.c" -mcpu=cortex-m4 -std=gnu11 -g3 -DDEBUG -DUSE_HAL_DRIVER -DSTM32F446xx -c -I../Core/Inc -I../Drivers/STM32F4xx_HAL_Driver/Inc -I../Drivers/STM32F4xx_HAL_Driver/Inc/Legacy -I../Drivers/CMSIS/Device/ST/STM32F4xx/Include -I../Drivers/CMSIS/Include -I../Middlewares/Third_Party/FreeRTOS/Source/include -I../Middlewares/Third_Party/FreeRTOS/Source/CMSIS_RTOS_V2 -I../Middlewares/Third_Party/FreeRTOS/Source/portable/GCC/ARM_CM4F -O0 -ffunction-sections -fdata-sections -Wall -fstack-usage -fcyclomatic-complexity -MMD -MP -MF"Core/Src/main.d" -MT"Core/Src/main.o" --specs=nano.specs -mfpu=fpv4-sp-d16 -mfloat-abi=hard -mthumb -o "Core/Src/main.o"
arm-none-eabi-gcc "../Core/Src/stm32f4xx_hal_msp.c" -mcpu=cortex-m4 -std=gnu11 -g3 -DDEBUG -DUSE_HAL_DRIVER -DSTM32F446xx -c -I../Core/Inc -I../Drivers/STM32F4xx_HAL_Driver/Inc -I../Drivers/STM32F4xx_HAL_Driver/Inc/Legacy -I../Drivers/CMSIS/Device/ST/STM32F4xx/Include -I../Drivers/CMSIS/Include -I../Middlewares/Third_Party/FreeRTOS/Source/include -I../Middlewares/Third_Party/FreeRTOS/Source/CMSIS_RTOS_V2 -I../Middlewares/Third_Party/FreeRTOS/Source/portable/GCC/ARM_CM4F -O0 -ffunction-sections -fdata-sections -Wall -fstack-usage -fcyclomatic-complexity -MMD -MP -MF"Core/Src/stm32f4xx_hal_msp.d" -MT"Core/Src/stm32f4xx_hal_msp.o" --specs=nano.specs -mfpu=fpv4-sp-d16 -mfloat-abi=hard -mthumb -o "Core/Src/stm32f4xx_hal_msp.o"
../Core/Src/main.c: In function 'HAL_CAN_RxFifo0MsgPendingCallback':
../Core/Src/main.c:213:9: warning: implicit declaration of function 'memcpy' [-Wimplicit-function-declaration]
  213 |         memcpy(&dht_data.temperature, &RxData[0], 4);
      |         ^~~~~~
../Core/Src/main.c:29:1: note: include '<string.h>' or provide a declaration of 'memcpy'
   28 | #include <stdio.h>
  +++ |+#include <string.h>
   29 | /* USER CODE END Includes */
../Core/Src/main.c:213:9: warning: incompatible implicit declaration of built-in function 'memcpy' [-Wbuiltin-declaration-mismatch]
  213 |         memcpy(&dht_data.temperature, &RxData[0], 4);
      |         ^~~~~~
../Core/Src/main.c:213:9: note: include '<string.h>' or provide a declaration of 'memcpy'
../Core/Src/main.c: In function 'UARTTask':
../Core/Src/main.c:813:5: warning: incompatible implicit declaration of built-in function 'memcpy' [-Wbuiltin-declaration-mismatch]
  813 |     memcpy(&uart_frame[2], &Dht11_Data.temperature, 4);
      |     ^~~~~~
../Core/Src/main.c:813:5: note: include '<string.h>' or provide a declaration of 'memcpy'
arm-none-eabi-gcc -o "GatewayECU-FreeRtos.elf" @"objects.list"   -mcpu=cortex-m4 -T"C:\Users\adity\STM32CubeIDE\workspace_1.19.0\DashBoard\GatewayECU-FreeRtos\STM32F446RETX_FLASH.ld" --specs=nosys.specs -Wl,-Map="GatewayECU-FreeRtos.map" -Wl,--gc-sections -static -u _printf_float --specs=nano.specs -mfpu=fpv4-sp-d16 -mfloat-abi=hard -mthumb -Wl,--start-group -lc -lm -Wl,--end-group
Finished building target: GatewayECU-FreeRtos.elf
 
arm-none-eabi-size  GatewayECU-FreeRtos.elf 
arm-none-eabi-objdump -h -S GatewayECU-FreeRtos.elf  > "GatewayECU-FreeRtos.list"
   text	   data	    bss	    dec	    hex	filename
  54072	    472	  21272	  75816	  12828	GatewayECU-FreeRtos.elf
Finished building: default.size.stdout
 
Finished building: GatewayECU-FreeRtos.list
 
00:14:45 **** Incremental Build of configuration Debug for project PWECU-FreeRtos ****
make -j8 all 
arm-none-eabi-gcc "../Core/Src/main.c" -mcpu=cortex-m4 -std=gnu11 -g3 -DDEBUG -DUSE_HAL_DRIVER -DSTM32F302x8 -c -I../Core/Inc -I../Drivers/STM32F3xx_HAL_Driver/Inc -I../Drivers/STM32F3xx_HAL_Driver/Inc/Legacy -I../Drivers/CMSIS/Device/ST/STM32F3xx/Include -I../Drivers/CMSIS/Include -I../Middlewares/Third_Party/FreeRTOS/Source/include -I../Middlewares/Third_Party/FreeRTOS/Source/CMSIS_RTOS_V2 -I../Middlewares/Third_Party/FreeRTOS/Source/portable/GCC/ARM_CM4F -O0 -ffunction-sections -fdata-sections -Wall -fstack-usage -fcyclomatic-complexity -MMD -MP -MF"Core/Src/main.d" -MT"Core/Src/main.o" --specs=nano.specs -mfpu=fpv4-sp-d16 -mfloat-abi=hard -mthumb -o "Core/Src/main.o"
../Core/Src/main.c: In function 'CANTask':
../Core/Src/main.c:478:9: warning: implicit declaration of function 'printf' [-Wimplicit-function-declaration]
  478 |         printf("Speed: %u\r\n", speed);
      |         ^~~~~~
../Core/Src/main.c:28:1: note: include '<stdio.h>' or provide a declaration of 'printf'
   27 | #include "Cmn.h"
  +++ |+#include <stdio.h>
   28 | 
../Core/Src/main.c:478:9: warning: incompatible implicit declaration of built-in function 'printf' [-Wbuiltin-declaration-mismatch]
  478 |         printf("Speed: %u\r\n", speed);
      |         ^~~~~~
../Core/Src/main.c:478:9: note: include '<stdio.h>' or provide a declaration of 'printf'
../Core/Src/main.c:489:17: warning: implicit declaration of function 'memcpy' [-Wimplicit-function-declaration]
  489 |                 memcpy(&TxData[0], &dht11_data.temperature, 4);
      |                 ^~~~~~
../Core/Src/main.c:28:1: note: include '<string.h>' or provide a declaration of 'memcpy'
   27 | #include "Cmn.h"
  +++ |+#include <string.h>
   28 | 
../Core/Src/main.c:489:17: warning: incompatible implicit declaration of built-in function 'memcpy' [-Wbuiltin-declaration-mismatch]
  489 |                 memcpy(&TxData[0], &dht11_data.temperature, 4);
      |                 ^~~~~~
../Core/Src/main.c:489:17: note: include '<string.h>' or provide a declaration of 'memcpy'
arm-none-eabi-gcc -o "PWECU-FreeRtos.elf" @"objects.list"   -mcpu=cortex-m4 -T"C:\Users\adity\STM32CubeIDE\workspace_1.19.0\DashBoard\PWECU-FreeRtos\STM32F302R8TX_FLASH.ld" --specs=nosys.specs -Wl,-Map="PWECU-FreeRtos.map" -Wl,--gc-sections -static -u _printf_float --specs=nano.specs -mfpu=fpv4-sp-d16 -mfloat-abi=hard -mthumb -Wl,--start-group -lc -lm -Wl,--end-group
Finished building target: PWECU-FreeRtos.elf
 
arm-none-eabi-size  PWECU-FreeRtos.elf 
arm-none-eabi-objdump -h -S PWECU-FreeRtos.elf  > "PWECU-FreeRtos.list"
   text	   data	    bss	    dec	    hex	filename
  41932	    472	  15656	  58060	   e2cc	PWECU-FreeRtos.elf
Finished building: default.size.stdout
 
Finished building: PWECU-FreeRtos.list
 
00:17:46 **** Incremental Build of configuration Debug for project PWECU-FreeRtos ****
make -j8 all 
arm-none-eabi-size  PWECU-FreeRtos.elf 
   text	   data	    bss	    dec	    hex	filename
  41932	    472	  15656	  58060	   e2cc	PWECU-FreeRtos.elf
Finished building: default.size.stdout
 
00:19:04 **** Incremental Build of configuration Debug for project PWECU-FreeRtos ****
make -j8 all 
arm-none-eabi-size  PWECU-FreeRtos.elf 
   text	   data	    bss	    dec	    hex	filename
  41932	    472	  15656	  58060	   e2cc	PWECU-FreeRtos.elf
Finished building: default.size.stdout
 
00:23:21 **** Incremental Build of configuration Debug for project PWECU-FreeRtos ****
make -j8 all 
arm-none-eabi-size  PWECU-FreeRtos.elf 
   text	   data	    bss	    dec	    hex	filename
  41932	    472	  15656	  58060	   e2cc	PWECU-FreeRtos.elf
Finished building: default.size.stdout
 
22:32:47 **** Incremental Build of configuration Debug for project PWECU-FreeRtos ****
make -j8 all 
arm-none-eabi-size  PWECU-FreeRtos.elf 
   text	   data	    bss	    dec	    hex	filename
  41932	    472	  15656	  58060	   e2cc	PWECU-FreeRtos.elf
Finished building: default.size.stdout
 
22:33:12 **** Incremental Build of configuration Debug for project PWECU-FreeRtos ****
make -j8 all 
arm-none-eabi-size  PWECU-FreeRtos.elf 
   text	   data	    bss	    dec	    hex	filename
  41932	    472	  15656	  58060	   e2cc	PWECU-FreeRtos.elf
Finished building: default.size.stdout
 
22:33:29 **** Incremental Build of configuration Debug for project GatewayECU-FreeRtos ****
make -j8 all 
arm-none-eabi-size  GatewayECU-FreeRtos.elf 
   text	   data	    bss	    dec	    hex	filename
  54072	    472	  21272	  75816	  12828	GatewayECU-FreeRtos.elf
Finished building: default.size.stdout
 
22:34:57 **** Incremental Build of configuration Debug for project GatewayECU-FreeRtos ****
make -j8 all 
arm-none-eabi-size  GatewayECU-FreeRtos.elf 
   text	   data	    bss	    dec	    hex	filename
  54072	    472	  21272	  75816	  12828	GatewayECU-FreeRtos.elf
Finished building: default.size.stdout
 
22:35:13 **** Incremental Build of configuration Debug for project PWECU-FreeRtos ****
make -j8 all 
arm-none-eabi-size  PWECU-FreeRtos.elf 
   text	   data	    bss	    dec	    hex	filename
  41932	    472	  15656	  58060	   e2cc	PWECU-FreeRtos.elf
Finished building: default.size.stdout
 
22:37:05 **** Incremental Build of configuration Debug for project PWECU-FreeRtos ****
make -j8 all 
arm-none-eabi-gcc "../Core/Src/main.c" -mcpu=cortex-m4 -std=gnu11 -g3 -DDEBUG -DUSE_HAL_DRIVER -DSTM32F302x8 -c -I../Core/Inc -I../Drivers/STM32F3xx_HAL_Driver/Inc -I../Drivers/STM32F3xx_HAL_Driver/Inc/Legacy -I../Drivers/CMSIS/Device/ST/STM32F3xx/Include -I../Drivers/CMSIS/Include -I../Middlewares/Third_Party/FreeRTOS/Source/include -I../Middlewares/Third_Party/FreeRTOS/Source/CMSIS_RTOS_V2 -I../Middlewares/Third_Party/FreeRTOS/Source/portable/GCC/ARM_CM4F -O0 -ffunction-sections -fdata-sections -Wall -fstack-usage -fcyclomatic-complexity -MMD -MP -MF"Core/Src/main.d" -MT"Core/Src/main.o" --specs=nano.specs -mfpu=fpv4-sp-d16 -mfloat-abi=hard -mthumb -o "Core/Src/main.o"
../Core/Src/main.c: In function 'CANTask':
../Core/Src/main.c:478:9: warning: implicit declaration of function 'printf' [-Wimplicit-function-declaration]
  478 |         printf("Speed: %u\r\n", speed);
      |         ^~~~~~
../Core/Src/main.c:28:1: note: include '<stdio.h>' or provide a declaration of 'printf'
   27 | #include "Cmn.h"
  +++ |+#include <stdio.h>
   28 | 
../Core/Src/main.c:478:9: warning: incompatible implicit declaration of built-in function 'printf' [-Wbuiltin-declaration-mismatch]
  478 |         printf("Speed: %u\r\n", speed);
      |         ^~~~~~
../Core/Src/main.c:478:9: note: include '<stdio.h>' or provide a declaration of 'printf'
../Core/Src/main.c:487:17: warning: implicit declaration of function 'memcpy' [-Wimplicit-function-declaration]
  487 |                 memcpy(&TxData[0], &dht11_data.temperature, 4);
      |                 ^~~~~~
../Core/Src/main.c:28:1: note: include '<string.h>' or provide a declaration of 'memcpy'
   27 | #include "Cmn.h"
  +++ |+#include <string.h>
   28 | 
../Core/Src/main.c:487:17: warning: incompatible implicit declaration of built-in function 'memcpy' [-Wbuiltin-declaration-mismatch]
  487 |                 memcpy(&TxData[0], &dht11_data.temperature, 4);
      |                 ^~~~~~
../Core/Src/main.c:487:17: note: include '<string.h>' or provide a declaration of 'memcpy'
arm-none-eabi-gcc -o "PWECU-FreeRtos.elf" @"objects.list"   -mcpu=cortex-m4 -T"C:\Users\adity\STM32CubeIDE\workspace_1.19.0\DashBoard\PWECU-FreeRtos\STM32F302R8TX_FLASH.ld" --specs=nosys.specs -Wl,-Map="PWECU-FreeRtos.map" -Wl,--gc-sections -static -u _printf_float --specs=nano.specs -mfpu=fpv4-sp-d16 -mfloat-abi=hard -mthumb -Wl,--start-group -lc -lm -Wl,--end-group
Finished building target: PWECU-FreeRtos.elf
 
arm-none-eabi-size  PWECU-FreeRtos.elf 
arm-none-eabi-objdump -h -S PWECU-FreeRtos.elf  > "PWECU-FreeRtos.list"
   text	   data	    bss	    dec	    hex	filename
  41916	    472	  15656	  58044	   e2bc	PWECU-FreeRtos.elf
Finished building: default.size.stdout
 
Finished building: PWECU-FreeRtos.list
 
22:38:27 **** Incremental Build of configuration Debug for project PWECU-FreeRtos ****
make -j8 all 
arm-none-eabi-size  PWECU-FreeRtos.elf 
   text	   data	    bss	    dec	    hex	filename
  41916	    472	  15656	  58044	   e2bc	PWECU-FreeRtos.elf
Finished building: default.size.stdout
 
22:38:36 **** Incremental Build of configuration Debug for project PWECU-FreeRtos ****
make -j8 all 
arm-none-eabi-size  PWECU-FreeRtos.elf 
   text	   data	    bss	    dec	    hex	filename
  41916	    472	  15656	  58044	   e2bc	PWECU-FreeRtos.elf
Finished building: default.size.stdout
 
22:38:49 **** Incremental Build of configuration Debug for project GatewayECU-FreeRtos ****
make -j8 all 
arm-none-eabi-size  GatewayECU-FreeRtos.elf 
   text	   data	    bss	    dec	    hex	filename
  54072	    472	  21272	  75816	  12828	GatewayECU-FreeRtos.elf
Finished building: default.size.stdout
 
22:41:41 **** Incremental Build of configuration Debug for project GatewayECU-FreeRtos ****
make -j8 all 
arm-none-eabi-size  GatewayECU-FreeRtos.elf 
   text	   data	    bss	    dec	    hex	filename
  54072	    472	  21272	  75816	  12828	GatewayECU-FreeRtos.elf
Finished building: default.size.stdout
 
22:41:56 **** Incremental Build of configuration Debug for project PWECU-FreeRtos ****
make -j8 all 
arm-none-eabi-size  PWECU-FreeRtos.elf 
   text	   data	    bss	    dec	    hex	filename
  41916	    472	  15656	  58044	   e2bc	PWECU-FreeRtos.elf
Finished building: default.size.stdout
 
22:42:11 **** Incremental Build of configuration Debug for project GatewayECU-FreeRtos ****
make -j8 all 
arm-none-eabi-size  GatewayECU-FreeRtos.elf 
   text	   data	    bss	    dec	    hex	filename
  54072	    472	  21272	  75816	  12828	GatewayECU-FreeRtos.elf
Finished building: default.size.stdout
 
22:55:28 **** Incremental Build of configuration Debug for project GatewayECU-FreeRtos ****
make -j8 all 
arm-none-eabi-size  GatewayECU-FreeRtos.elf 
   text	   data	    bss	    dec	    hex	filename
  54072	    472	  21272	  75816	  12828	GatewayECU-FreeRtos.elf
Finished building: default.size.stdout
 
22:55:36 **** Incremental Build of configuration Debug for project PWECU-FreeRtos ****
make -j8 all 
arm-none-eabi-gcc "../Core/Src/main.c" -mcpu=cortex-m4 -std=gnu11 -g3 -DDEBUG -DUSE_HAL_DRIVER -DSTM32F302x8 -c -I../Core/Inc -I../Drivers/STM32F3xx_HAL_Driver/Inc -I../Drivers/STM32F3xx_HAL_Driver/Inc/Legacy -I../Drivers/CMSIS/Device/ST/STM32F3xx/Include -I../Drivers/CMSIS/Include -I../Middlewares/Third_Party/FreeRTOS/Source/include -I../Middlewares/Third_Party/FreeRTOS/Source/CMSIS_RTOS_V2 -I../Middlewares/Third_Party/FreeRTOS/Source/portable/GCC/ARM_CM4F -O0 -ffunction-sections -fdata-sections -Wall -fstack-usage -fcyclomatic-complexity -MMD -MP -MF"Core/Src/main.d" -MT"Core/Src/main.o" --specs=nano.specs -mfpu=fpv4-sp-d16 -mfloat-abi=hard -mthumb -o "Core/Src/main.o"
../Core/Src/main.c: In function 'CANTask':
../Core/Src/main.c:478:9: warning: implicit declaration of function 'printf' [-Wimplicit-function-declaration]
  478 |         printf("Speed: %u\r\n", speed);
      |         ^~~~~~
../Core/Src/main.c:28:1: note: include '<stdio.h>' or provide a declaration of 'printf'
   27 | #include "Cmn.h"
  +++ |+#include <stdio.h>
   28 | 
../Core/Src/main.c:478:9: warning: incompatible implicit declaration of built-in function 'printf' [-Wbuiltin-declaration-mismatch]
  478 |         printf("Speed: %u\r\n", speed);
      |         ^~~~~~
../Core/Src/main.c:478:9: note: include '<stdio.h>' or provide a declaration of 'printf'
../Core/Src/main.c:491:17: warning: implicit declaration of function 'memcpy' [-Wimplicit-function-declaration]
  491 |                 memcpy(&TxData[0], &dht11_data.temperature, 4);
      |                 ^~~~~~
../Core/Src/main.c:28:1: note: include '<string.h>' or provide a declaration of 'memcpy'
   27 | #include "Cmn.h"
  +++ |+#include <string.h>
   28 | 
../Core/Src/main.c:491:17: warning: incompatible implicit declaration of built-in function 'memcpy' [-Wbuiltin-declaration-mismatch]
  491 |                 memcpy(&TxData[0], &dht11_data.temperature, 4);
      |                 ^~~~~~
../Core/Src/main.c:491:17: note: include '<string.h>' or provide a declaration of 'memcpy'
arm-none-eabi-gcc -o "PWECU-FreeRtos.elf" @"objects.list"   -mcpu=cortex-m4 -T"C:\Users\adity\STM32CubeIDE\workspace_1.19.0\DashBoard\PWECU-FreeRtos\STM32F302R8TX_FLASH.ld" --specs=nosys.specs -Wl,-Map="PWECU-FreeRtos.map" -Wl,--gc-sections -static -u _printf_float --specs=nano.specs -mfpu=fpv4-sp-d16 -mfloat-abi=hard -mthumb -Wl,--start-group -lc -lm -Wl,--end-group
Finished building target: PWECU-FreeRtos.elf
 
arm-none-eabi-size  PWECU-FreeRtos.elf 
arm-none-eabi-objdump -h -S PWECU-FreeRtos.elf  > "PWECU-FreeRtos.list"
   text	   data	    bss	    dec	    hex	filename
  41948	    472	  15656	  58076	   e2dc	PWECU-FreeRtos.elf
Finished building: default.size.stdout
 
Finished building: PWECU-FreeRtos.list
 
22:58:09 **** Incremental Build of configuration Debug for project PWECU-FreeRtos ****
make -j8 all 
arm-none-eabi-gcc "../Core/Src/main.c" -mcpu=cortex-m4 -std=gnu11 -g3 -DDEBUG -DUSE_HAL_DRIVER -DSTM32F302x8 -c -I../Core/Inc -I../Drivers/STM32F3xx_HAL_Driver/Inc -I../Drivers/STM32F3xx_HAL_Driver/Inc/Legacy -I../Drivers/CMSIS/Device/ST/STM32F3xx/Include -I../Drivers/CMSIS/Include -I../Middlewares/Third_Party/FreeRTOS/Source/include -I../Middlewares/Third_Party/FreeRTOS/Source/CMSIS_RTOS_V2 -I../Middlewares/Third_Party/FreeRTOS/Source/portable/GCC/ARM_CM4F -O0 -ffunction-sections -fdata-sections -Wall -fstack-usage -fcyclomatic-complexity -MMD -MP -MF"Core/Src/main.d" -MT"Core/Src/main.o" --specs=nano.specs -mfpu=fpv4-sp-d16 -mfloat-abi=hard -mthumb -o "Core/Src/main.o"
../Core/Src/main.c: In function 'CANTask':
../Core/Src/main.c:478:9: warning: implicit declaration of function 'printf' [-Wimplicit-function-declaration]
  478 |         printf("Speed: %u\r\n", speed);
      |         ^~~~~~
../Core/Src/main.c:28:1: note: include '<stdio.h>' or provide a declaration of 'printf'
   27 | #include "Cmn.h"
  +++ |+#include <stdio.h>
   28 | 
../Core/Src/main.c:478:9: warning: incompatible implicit declaration of built-in function 'printf' [-Wbuiltin-declaration-mismatch]
  478 |         printf("Speed: %u\r\n", speed);
      |         ^~~~~~
../Core/Src/main.c:478:9: note: include '<stdio.h>' or provide a declaration of 'printf'
../Core/Src/main.c:491:17: warning: implicit declaration of function 'memcpy' [-Wimplicit-function-declaration]
  491 |                 memcpy(&TxData[0], &dht11_data.temperature, 4);
      |                 ^~~~~~
../Core/Src/main.c:28:1: note: include '<string.h>' or provide a declaration of 'memcpy'
   27 | #include "Cmn.h"
  +++ |+#include <string.h>
   28 | 
../Core/Src/main.c:491:17: warning: incompatible implicit declaration of built-in function 'memcpy' [-Wbuiltin-declaration-mismatch]
  491 |                 memcpy(&TxData[0], &dht11_data.temperature, 4);
      |                 ^~~~~~
../Core/Src/main.c:491:17: note: include '<string.h>' or provide a declaration of 'memcpy'
arm-none-eabi-gcc -o "PWECU-FreeRtos.elf" @"objects.list"   -mcpu=cortex-m4 -T"C:\Users\adity\STM32CubeIDE\workspace_1.19.0\DashBoard\PWECU-FreeRtos\STM32F302R8TX_FLASH.ld" --specs=nosys.specs -Wl,-Map="PWECU-FreeRtos.map" -Wl,--gc-sections -static -u _printf_float --specs=nano.specs -mfpu=fpv4-sp-d16 -mfloat-abi=hard -mthumb -Wl,--start-group -lc -lm -Wl,--end-group
Finished building target: PWECU-FreeRtos.elf
 
arm-none-eabi-size  PWECU-FreeRtos.elf 
arm-none-eabi-objdump -h -S PWECU-FreeRtos.elf  > "PWECU-FreeRtos.list"
   text	   data	    bss	    dec	    hex	filename
  41948	    472	  15656	  58076	   e2dc	PWECU-FreeRtos.elf
Finished building: default.size.stdout
 
Finished building: PWECU-FreeRtos.list
 
22:58:39 **** Incremental Build of configuration Debug for project GatewayECU-FreeRtos ****
make -j8 all 
arm-none-eabi-size  GatewayECU-FreeRtos.elf 
   text	   data	    bss	    dec	    hex	filename
  54072	    472	  21272	  75816	  12828	GatewayECU-FreeRtos.elf
Finished building: default.size.stdout
 
22:58:41 **** Incremental Build of configuration Debug for project PWECU-FreeRtos ****
make -j8 all 
arm-none-eabi-size  PWECU-FreeRtos.elf 
   text	   data	    bss	    dec	    hex	filename
  41948	    472	  15656	  58076	   e2dc	PWECU-FreeRtos.elf
Finished building: default.size.stdout
 
